/**
* Name: Elijah Clark
* Lab/task: Lab 1
* Date: 02/01\\/20
**/
Script started on 2021-02-02 22:27:32-08:00 [TERM="xterm-256color" TTY="/dev/pts/0" COLUMNS="101" LINES="62"]
eli@eli-VirtualBox:~/Desktop/comp362/ElijahClarkLab01/list$ cat typescript.txt | perl -pe 's/\e([^\[\]]|\[.*?[a-zA-Z]|\].*?\a)//g' | col -b > typescript-processed.txt
eli@eli-VirtualBox:~/Desktop/comp362/ElijahClarkLab01/list$ > ./myProgram > output_of_my_program.txt
eli@eli-VirtualBox:~/Desktop/comp362/ElijahClarkLab01/list$ gdb --tui list
0lqqqqqqqqqqqqqqqqqqqqqqqqqqqqqqqqqqqqqqqqqqqqqqqqqqqqqqqqqqqqqqqqqqqqqqqqqqqqqqqqqqqqqqqqqqqqqqqqqqqkBB0xBB0xBB0xBB0xBB0xBB0xBB0xBB0xBB0xBB0xBB0xBB0xBB0xBB0xBB0xBB0xBB0xBB0xBB0xBB0xBB0xBB0xBB0xBB0xBB0xBB0xBB0xBB0xBB0xBB0xBB0xBB0xBB0xBB0xBB0xBB0xBB0xBB0xBB0xBB0xBB0xBB0xBB0xBB0xBB0xBB0xBB0xBB0xBB0xBB0xBB0xBB0xBB0xBB0xBB0xBB0xBB0xBB0xBB0xBB0xBB0xBB0xBB0xBB0xBB0xBB0xBB0xBB0xBB0xBB0xBB0xBB0xBB0xBB0xBB0xBB0xBB0xBB0xBB0mqqqqqqqqqqqqqqqqqqqqqqqqqqqqqqqqqqqqqqqqqqqqqqqqqqqqqqqqqqqqqqqqqqqqqqqqqqqqqqqqqqqqqqqqqqqqqqqqqqqjBB0BB0lqqqqqqqqqqqqqqqqqqqqqqqqqqqqqqqqqqqqqqqqqqqqqqqqqqqqqqqqqqqqqqqqqqqqqqqqqqqqqqqqqqqqqqqqqqqqqqqqqqqkBB0xBB0xBB0xBB0xBB0xBB0xBB0xBB0xBB0xBB0xBB0xBB0xBB0xBB0xBB0xBB0xBB0xBB0xBB0xBB0xBB0xBB0xBB0xBB0xBB0xBB0xBB0xBB0xBB0xBB0xBB0xBB0xBB0xBB0xBB0xBB0xBB0xBB0xBB0xBB0BB[ No Source Available ]0xBB0xBB0xBB0xBB0xBB0xBB0xBB0xBB0xBB0xBB0xBB0xBB0xBB0xBB0xBB0xBB0xBB0xBB0xBB0xBB0xBB0xBB0xBB0xBB0xBB0xBB0xBB0xBB0xBB0xBB0xBB0xBB0xBB0xBB0xBB0xBB0xBB0xBB0xBB0mqqqqqqqqqqqqqqqqqqqqqqqqqqqqqqqqqqqqqqqqqqqqqqqqqqqqqqqqqqqqqqqqqqqqqqqqqqqqqqqqqqqqqqqqqqqqqqqqqqqjBB0BNone No process In:								       L??   PC: ?? B
BGNU gdb (Ubuntu 9.2-0ubuntu1~20.04) 9.2
BCopyright (C) 2020 Free Software Foundation, Inc.
License GPLv3+: GNU GPL version 3 or later <http://gnu.org/licenses/gpl.html>
This is free software: you are free to change and redistribute it.
There is NO WARRANTY, to the extent permitted by law.
Type "show copying" and "show warranty" for details.
This GDB was configured as "x86_64-linux-gnu".
Type "show configuration" for configuration details.
For bug reporting instructions, please see:
<http://www.gnu.org/software/gdb/bugs/>.
Find the GDB manual and other documentation resources online at:
    <http://www.gnu.org/software/gdb/documentation/>.

For help, type "help".
Type "apropos word" to search for commands related to "word"...
Reading symbols from listB...

warning: Source file is more recent than executable.
Bmain.c
B25{
26LIST *list;
27
28allocate_list(&list, NUM_OF_NODES);
29load_list(list);
30print_list(list);
31free_list_emb(list);
32list = NULL;
33allocate_list(&list, NUM_OF_NODES);
34load_list(list);
35print_list(list);
36free_list_tail(list);
37
38allocate_list(&list, NUM_OF_NODES);
39load_list(list);
40print_list(list);
41free_list_iter(list);
42}

BexecB

Startingnprogram: /home/eli/Desktop/comp362/ElijahClarkLab01/list/list


Bnative process 15445 In:B





1
2
3
4
5
DATA ITEM 1: 1

DATA ITEM 2: 2

DATA ITEM 3: 3

DATA ITEM 4: 4

DATA ITEM 5: 5

1
2
3
Program received signal SIGSEGV, Segmentation fault.
__memcpy_ssse3B () at ../sysdeps/x86_64/multiarch/memcpy-ssse3.SB:2109
#0db__memcpy_ssse3Bu()iatc../sysdeps/x86_64/multiarch/memcpy-ssse3.SB:2109
#1  0x00007ffff7e4a74dB in _IO_getdelimB (lineptrB=0x5555555592e0, nB=0x7fffffffdf40, delimiterB=10,
fpB=0x7ffff7faf980 <_IO_2_1_stdin_>) at iogetdelim.cB:111
#2  0x000055555555536cB in load_listB (listB=0x5555555592e0) at main.cB:9
#3  0x0000555555555456B in mainB () at main.cB:34
Breakpoint 1 at 0x7ffff7f2cdf0B: file ../sysdeps/x86_64/multiarch/memcpy-ssse3.SB, line 47.
Thebprogram being debugged has been started already.
Start it from the beginning? (y or n) yBNo process In: __memcpy_ssse3	BB			    L??   PC: ??B
















   [ No Source Available ]25{
26LIST *list;
27
28allocate_list(&list, NUM_OF_NODES);
29load_list(list);
30print_list(list);
31free_list_emb(list);
32list = NULL;
33allocate_list(&list, NUM_OF_NODES);
34load_list(list);
35print_list(list);
36free_list_tail(list);
37
38allocate_list(&list, NUM_OF_NODES);
39load_list(list);
40print_list(list);
41free_list_iter(list);
42}


Starting program: /home/eli/Desktop/comp362/ElijahClarkLab01/list/list


Bprocess 15453 In:B





1
2
3
4
5
DATA ITEM 1: 1

DATA ITEM 2: 2

DATA ITEM 3: 3

DATA ITEM 4: 4

DATA ITEM 5: 5

1
2
3
Program received signal SIGSEGV, Segmentation fault.
__memcpy_ssse3B () at ../sysdeps/x86_64/multiarch/memcpy-ssse3.SB:2109
Breakpointi2.at90x555555555352B:pfilesmain.cB, line 9.le or directory.
Thebprogram being debugged has been started already.
Start it from the beginning? (y or n) yBNo process In: __memcpy_ssse3	BB			    L??   PC: ??B
















   [ No Source Available ]25{
26LIST *list;
27
28allocate_list(&list, NUM_OF_NODES);
29load_list(list);
30print_list(list);
31free_list_emb(list);
32list = NULL;
33allocate_list(&list, NUM_OF_NODES);
34load_list(list);
35print_list(list);
36free_list_tail(list);
37
38allocate_list(&list, NUM_OF_NODES);
39load_list(list);
40print_list(list);
41free_list_iter(list);
42}


Starting program: /home/eli/Desktop/comp362/ElijahClarkLab01/list/list


Bprocess 15485 In:B





Breakpoint 2, load_listB (listB=0x5555555592a0) at main.cB:9
Bload_listL9	PC: 0x555555555352B1 #include "list.h"

3
4 void load_list(LIST *list)
5 {
6      size_t size = 0;
7      while(list != NULL)
8      {
B9			     getline(&(list->data), &size, stdin);
B10		list = list->next;
11     }
12}
13
14void print_list(LIST *list)
15{
16     int count = 1;
17     while(list != NULL)
18 {
19printf("DATA ITEM %d: %s\n", count++, list->data);
20list = list->next;
21}
22}
23
24int main(void)
25{
26LIST *list;
27
28allocate_list(&list, NUM_OF_NODES);
29load_list(list);
30print_list(list);
31free_list_emb(list);
32list = NULL;
33allocate_list(&list, NUM_OF_NODES);
34load_list(list);
35print_list(list);
36free_list_tail(list);
37
38allocate_list(&list, NUM_OF_NODES);
Thebprogramobeing:debuggedrhashbeen.started already.
Start it from the beginning? (y or n) yBNo process In: load_list   BB			  L??	PC: ??B





































  [ No Source Available ]25{
26LIST *list;
27
28allocate_list(&list, NUM_OF_NODES);
29load_list(list);
30print_list(list);
31free_list_emb(list);
32list = NULL;
33allocate_list(&list, NUM_OF_NODES);
34load_list(list);
35print_list(list);
36free_list_tail(list);
37
38allocate_list(&list, NUM_OF_NODES);
39load_list(list);
40print_list(list);
41free_list_iter(list);
42}


Starting program: /home/eli/Desktop/comp362/ElijahClarkLab01/list/list


Bprocess 15487 In:B





Breakpoint 2, load_listB (listB=0x5555555592a0) at main.cB:9
Bload_listL9	PC: 0x555555555352B1 #include "list.h"

3
4 void load_list(LIST *list)
5 {
6      size_t size = 0;
7      while(list != NULL)
8      {
B9			     getline(&(list->data), &size, stdin);
B10		list = list->next;
11     }
12}
13
14void print_list(LIST *list)
15{
16     int count = 1;
17     while(list != NULL)
18 {
19printf("DATA ITEM %d: %s\n", count++, list->data);
20list = list->next;
21}
22}
23
24int main(void)
25{
26LIST *list;
27
28allocate_list(&list, NUM_OF_NODES);
29load_list(list);
30print_list(list);
31free_list_emb(list);
32list = NULL;
33allocate_list(&list, NUM_OF_NODES);
34load_list(list);
35print_list(list);
36free_list_tail(list);
37
38allocate_list(&list, NUM_OF_NODES);
Continuing.(list);B+>
1
Breakpoint 2, load_listB (listB=0x5555555592c0) at main.cB:9
Continuing.
c
Breakpoint 2, load_listB (listB=0x5555555592e0) at main.cB:9
Continuing.
c
Breakpoint 2, load_listB (listB=0x555555559300) at main.cB:9
Continuing.
c
Breakpoint 2, load_listB (listB=0x555555559320) at main.cB:9
Continuing.
c
DATA ITEM 1: 1

DATA ITEM 2: c

DATA ITEM 3: c

DATA ITEM 4: c

DATA ITEM 5: c

Breakpoint 2, load_listB (listB=0x5555555592a0) at main.cB:9
Continuing.
c
Breakpoint 2, load_listB (listB=0x5555555592c0) at main.cB:9
(gdb)

0xBB   40print_list(list);0xBB0BBB+>




0xBB   41free_list_iter(list);0xBB0BBB+>




0xBB   42}0xBB0BBB+>




0xBB0xBB0BBB+>




0xBB0xBB0BBB+>




0xBB0xBB0BB


B+>




0xBB0xBB0BB

B+>


Breakpointr3eati0x555555555217B: file list.cB, line 16.
Numb) inTypeDisp Enb AddressWhat
1breakpoint	keep y	 0x00007ffff7f2cdf0B ../sysdeps/x86_64/multiarch/memcpy-ssse3.SB:47
2breakpoint	keep y	 0x0000555555555352B in load_listB at main.cB:9
breakpoint already hit 7 times
3breakpoint	keep y	 0x0000555555555217B in free_list_iterB at list.cB:16
$1d=)(LISTt*)i0x5555555592c0
$2d=)0x5555555592e0Ba""
(gdb) printlist{
Bgetline(&(list->data), &size, stdin);B list = list->next; }

oid print_list(LIST *list)
int count = 1; while(list != NULL) {
printf("DATA ITEM %d: %s\n", count++, list->data); list = list->next; }

nt main(void)
 LIST *list; allocate_list(&list, NUM_OF_NODES); load_list(list); print_list(list); free_list_emb(list); list = NULL; allocate_list(&list, NUM_OF_NODES); load_list(list); print_list(list); free_list_tail(list); allocate_list(&list, NUM_OF_NODES); load_list(list); print_list(list); free_list_iter(list);



   B getline(&(list->data), &size, stdin);
BB+> list = list->next; }}

void print_list(LIST *list){
0xBB   16int count = 1;0xBB0BB7 while(list != NULL)
8 {
9 printf("DATA ITEM %d: %s\n", count++, list->data); list = list->next; }}

int main(void){
0xBB   26LIST *list;0xBB0BB allocate_list(&list, NUM_OF_NODES); load_list(list);
0xBB   30print_list(list);0xBB0BB1 free_list_emb(list);
2 list = NULL;
3 allocate_list(&list, NUM_OF_NODES);
4 load_list(list);
5 print_list(list);
6 free_list_tail(list); allocate_list(&list, NUM_OF_NODES); load_list(list);
0xBB   40print_list(list);0xBB0BB1 free_list_iter(list);
2}

B+>



0xBB0xBB0BB


0xBB   B9			    getline(&(list->data), &size, stdin);0xBB0BB
B+>

0xBBB+>8{0xBB0BB

B+>

0xBB   7while(list != NULL)0xBB0BBB+>



B+>



0xBB0xBB0BB

B+>




0xBB0xBB0BB
B+>



0xBB0xBB0BB



0xBB0xBB0BB


0xBB0xBB0BB


0xBB0xBB0BB


0xBB0xBB0BB


0xBB0xBB0BB


0xBB0xBB0BB


0xBB0xBB0BB


0xBB0xBB0BB

0xBB   17while(list != NULL)0xBB0BB

0xBB   16int count = 1;0xBB0BB

0xBB   15{0xBB0BB

0xBB   14void print_list(LIST *list)0xBB0BB

0xBB   130xBB0BB

0xBB   12}0xBB0BB

0xBB   11}0xBB0BB

0xBB   10list = list->next;0xBB0BB

0xBB   B9			    getline(&(list->data), &size, stdin);0xBB0BB
B+>

$3l=s(structnlist *) 0x555555559300
$4d=)(structllistn*)t0x555555559320
$5d=)(structllistn*)t0x0xt.next.next
Agdebugging session is active.Inferior 1 [process 15487] will be killed.

eli@eli-VirtualBox:~/Desktop/comp362/ElijahClarkLab01/list$ nano list.c
/MoBifiedB(head);Bfree_list_tail(next);*next_=ihead->next;BifBx(head->dataa!=>BNULLB)free(head->data);->data);;head = next;}		   B
eli@eli-VirtualBox:~/Desktop/comp362/ElijahClarkLab01/list$lgdb --tui list			       YB Yes
0lqqqqqqqqqqqqqqqqqqqqqqqqqqqqqqqqqqqqqqqqqqqqqqqqqqqqqqqqqqqqqqqqqqqqqqqqqqqqqqqqqqqqqqqqqqqqqqqqqqqkBB0xBB0xBB0xBB0xBB0xBB0xBB0xBB0xBB0xBB0xBB0xBB0xBB0xBB0xBB0xBB0xBB0xBB0xBB0xBB0xBB0xBB0xBB0xBB0xBB0xBB0xBB0xBB0xBB0xBB0xBB0xBB0xBB0xBB0xBB0xBB0xBB0xBB0xBB0xBB0xBB0xBB0xBB0xBB0xBB0xBB0xBB0xBB0xBB0xBB0xBB0xBB0xBB0xBB0xBB0xBB0xBB0xBB0xBB0xBB0xBB0xBB0xBB0xBB0xBB0xBB0xBB0xBB0xBB0xBB0xBB0xBB0xBB0xBB0xBB0xBB0xBB0xBB0xBB0mqqqqqqqqqqqqqqqqqqqqqqqqqqqqqqqqqqqqqqqqqqqqqqqqqqqqqqqqqqqqqqqqqqqqqqqqqqqqqqqqqqqqqqqqqqqqqqqqqqqjBB0BB0lqqqqqqqqqqqqqqqqqqqqqqqqqqqqqqqqqqqqqqqqqqqqqqqqqqqqqqqqqqqqqqqqqqqqqqqqqqqqqqqqqqqqqqqqqqqqqqqqqqqkBB0xBB0xBB0xBB0xBB0xBB0xBB0xBB0xBB0xBB0xBB0xBB0xBB0xBB0xBB0xBB0xBB0xBB0xBB0xBB0xBB0xBB0xBB0xBB0xBB0xBB0xBB0xBB0xBB0xBB0xBB0xBB0xBB0xBB0xBB0xBB0xBB0xBB0xBB0xBB0BB[ No Source Available ]0xBB0xBB0xBB0xBB0xBB0xBB0xBB0xBB0xBB0xBB0xBB0xBB0xBB0xBB0xBB0xBB0xBB0xBB0xBB0xBB0xBB0xBB0xBB0xBB0xBB0xBB0xBB0xBB0xBB0xBB0xBB0xBB0xBB0xBB0xBB0xBB0xBB0xBB0xBB0mqqqqqqqqqqqqqqqqqqqqqqqqqqqqqqqqqqqqqqqqqqqqqqqqqqqqqqqqqqqqqqqqqqqqqqqqqqqqqqqqqqqqqqqqqqqqqqqqqqqjBB0BNone No process In:								       L??   PC: ?? B
BGNU gdb (Ubuntu 9.2-0ubuntu1~20.04) 9.2
BCopyright (C) 2020 Free Software Foundation, Inc.
License GPLv3+: GNU GPL version 3 or later <http://gnu.org/licenses/gpl.html>
This is free software: you are free to change and redistribute it.
There is NO WARRANTY, to the extent permitted by law.
Type "show copying" and "show warranty" for details.
This GDB was configured as "x86_64-linux-gnu".
Type "show configuration" for configuration details.
For bug reporting instructions, please see:
<http://www.gnu.org/software/gdb/bugs/>.
Find the GDB manual and other documentation resources online at:
    <http://www.gnu.org/software/gdb/documentation/>.

For help, type "help".
Type "apropos word" to search for commands related to "word"...
Reading symbols from listB...

warning: Source file is more recent than executable.
Bmain.c
B25{
26LIST *list;
27
28allocate_list(&list, NUM_OF_NODES);
29load_list(list);
30print_list(list);
31free_list_emb(list);
32list = NULL;
33allocate_list(&list, NUM_OF_NODES);
34load_list(list);
35print_list(list);
36free_list_tail(list);
37
38allocate_list(&list, NUM_OF_NODES);
39load_list(list);
40print_list(list);
41free_list_iter(list);
42}

BexecB

Startingnprogram: /home/eli/Desktop/comp362/ElijahClarkLab01/list/list


Bnative process 15753 In:B





1
2
3
4
5
DATA ITEM 1: 1

DATA ITEM 2: 2

DATA ITEM 3: 3

DATA ITEM 4: 4

DATA ITEM 5: 5

1
2
3
Program received signal SIGSEGV, Segmentation fault.
__memcpy_ssse3B () at ../sysdeps/x86_64/multiarch/memcpy-ssse3.SB:2109
(gdb)sterminate6callediaftermthrowingsan.instancecoff'gdb_exception_error'
Aborted (core dumped)
eli@eli-VirtualBox:~/Desktop/comp362/ElijahClarkLab01/list$ cat/typescript.txtt|uperl_-pep's/\e([^\[\]]|\[.*?[a-zA-Z]|\].*?\a)//g' | col -b > typescript-processedlear
eli@eli-VirtualBox:~/Desktop/comp362/ElijahClarkLab01/list$ cds..c main.c -o list
eli@eli-VirtualBox:~/Desktop/comp362/ElijahClarkLab01/list$ ./list list
catatypescript.txt | perl -pe 's/\e([^\[\]]|\[.*?[a-zA-Z]|\].*?\a)//g' | col -b > typescript-processe>../myProgram > output_of_my_program.txt
cat/typescript.txtt|uperl_-pep's/\e([^\[\]]|\[.*?[a-zA-Z]|\].*?\a)//g' | col -b > typescript-processedlear
eli@eli-VirtualBox:~/Desktop/comp362/ElijahClarkLab01/list$ cds..c main.c -o list
eli@eli-VirtualBox:~/Desktop/comp362/ElijahClarkLab01/list$ ./list list
catatypescript.txt | perl -pe 's/\e([^\[\]]|\[.*?[a-zA-Z]|\].*?\a)//g' | col -b > typescript-processe>../myProgram > output_of_my_program.txt
cat/typescript.txtt|uperl_-pep's/\e([^\[\]]|\[.*?[a-zA-Z]|\].*?\a)//g' | col -b > typescript-processedlear
eli@eli-VirtualBox:~/Desktop/comp362/ElijahClarkLab01/list$ cds..c main.c -o list
eli@eli-VirtualBox:~/Desktop/comp362/ElijahClarkLab01/list$ ./list list
catatypescript.txt | perl -pe 's/\e([^\[\]]|\[.*?[a-zA-Z]|\].*?\a)//g' | col -b > typescript-processe>../myProgram > output_of_my_program.txt
qdbo--tui.list

Command 'q' not found, but can be installed with:

sudo snap install q			  # version 1.6.3-1, or
sudo apt  install python3-q-text-as-data  # version 1.7.4+2018.12.21+git+28f776ed46-2

See 'snap info q' for additional versions.

eli@eli-VirtualBox:~/Desktop/comp362/ElijahClarkLab01/list$ gcc -m64 -g -O0 -D_DEBUG -Wall *.c -o list
eli@eli-VirtualBox:~/Desktop/comp362/ElijahClarkLab01/list$ cmake ..
CMake Error: The source directory "/home/eli/Desktop/comp362/ElijahClarkLab01" does not appear to contain CMakeLists.txt.
Specify --help for usage, or press the help button on the CMake GUI.
eli@eli-VirtualBox:~/Desktop/comp362/ElijahClarkLab01/list$ cd list
bash: cd: list: Not a directory
eli@eli-VirtualBox:~/Desktop/comp362/ElijahClarkLab01/list$ ls
cmake-build-debug/  data_in.txt  list.c  main.c     output_of_my_program.txt  typescript.txt
CMakeLists.txt	    list*	 list.h  myProgram  typescript-processed.txt
eli@eli-VirtualBox:~/Desktop/comp362/ElijahClarkLab01/list$ qcck-m64 -g -O0 -D_DEBUG -Wall *.c -o list
cat/typescript.txtt|uperl_-pep's/\e([^\[\]]|\[.*?[a-zA-Z]|\].*?\a)//g' | col -b > typescript-processedlear
eli@eli-VirtualBox:~/Desktop/comp362/ElijahClarkLab01/list$ cds..c main.c -o list
eli@eli-VirtualBox:~/Desktop/comp362/ElijahClarkLab01/list$ ./list list
catatypescript.txt | perl -pe 's/\e([^\[\]]|\[.*?[a-zA-Z]|\].*?\a)//g' | col -b > typescript-processe>../myProgram > output_of_my_program.txt
eli@eli-VirtualBox:~/Desktop/comp362/ElijahClarkLab01/list$ cmake ..
pwlist
pw: command not found
eli@eli-VirtualBox:~/Desktop/comp362/ElijahClarkLab01/list$ pwd
/home/eli/Desktop/comp362/ElijahClarkLab01/list
eli@eli-VirtualBox:~/Desktop/comp362/ElijahClarkLab01/list$ cmake ..
CMake Error: The source directory "/home/eli/Desktop/comp362/ElijahClarkLab01" does not appear to contain CMakeLists.txt.
Specify --help for usage, or press the help button on the CMake GUI.
eli@eli-VirtualBox:~/Desktop/comp362/ElijahClarkLab01/list$ make
make: *** No targets specified and no makefile found.  Stop.
eli@eli-VirtualBox:~/Desktop/comp362/ElijahClarkLab01/list$ list

Command 'list' not found, did you mean:

  command 'mist' from snap mist (master)
  command 'flist' from deb mmh (0.4-2)
  command 'flist' from deb nmh (1.7.1-6)
  command 'hist' from deb loki (2.4.7.4-10)
  command 'dist' from deb mmh (0.4-2)
  command 'dist' from deb nmh (1.7.1-6)
  command 'klist' from deb krb5-user (1.17-6ubuntu4.1)
  command 'klist' from deb heimdal-clients (7.7.0+dfsg-1ubuntu1)
  command 'mlist' from deb mblaze (0.6-1)
  command 'gist' from deb yorick (2.2.04+dfsg1-10)
  command 'lift' from deb lift (2.5.0-1)
  command 'last' from deb util-linux (2.34-0.1ubuntu9.1)

See 'snap info <snapname>' for additional versions.

eli@eli-VirtualBox:~/Desktop/comp362/ElijahClarkLab01/list$ gdb list
GNU gdb (Ubuntu 9.2-0ubuntu1~20.04) 9.2
Copyright (C) 2020 Free Software Foundation, Inc.
License GPLv3+: GNU GPL version 3 or later <http://gnu.org/licenses/gpl.html>
This is free software: you are free to change and redistribute it.
There is NO WARRANTY, to the extent permitted by law.
Type "show copying" and "show warranty" for details.
This GDB was configured as "x86_64-linux-gnu".
Type "show configuration" for configuration details.
For bug reporting instructions, please see:
<http://www.gnu.org/software/gdb/bugs/>.
Find the GDB manual and other documentation resources online at:
    <http://www.gnu.org/software/gdb/documentation/>.

For help, type "help".
Type "apropos word" to search for commands related to "word"...
Reading symbols from list...
(gdb) run
Starting program: /home/eli/Desktop/comp362/ElijahClarkLab01/list/list
1
2
3
4
5
DATA ITEM 1: 1

DATA ITEM 2: 2

DATA ITEM 3: 3

DATA ITEM 4: 4

DATA ITEM 5: 5

1
2
3
4
5
DATA ITEM 1: 1

DATA ITEM 2: 2

DATA ITEM 3: 3

DATA ITEM 4: 4

DATA ITEM 5: 5

1
2
3
4
5
DATA ITEM 1: 1

DATA ITEM 2: 2

DATA ITEM 3: 3

DATA ITEM 4: 4

DATA ITEM 5: 5

[Inferior 1 (process 16040) exited normally]
(gdb) qano
eli@eli-VirtualBox:~/Desktop/comp362/ElijahClarkLab01/list$ nano list
eli@eli-VirtualBox:~/Desktop/comp362/ElijahClarkLab01/list$lnano@list.cnclude/x86_64-linux-gnu/bits^B>B^@�^E^@^@^@^@^@^@^@^@^@^@^@^@^@^@^@^@^@^@^C^@^K^@�^F^@^@^@^@^@^@^@^@^@^@^@^@^@^@^@^@^@^@^C^@^L^@^@^PB>B^@E^P^@^@^@^@^@^@^@^@^@^@^@^@^@^@^@^@^@^@^C^@^N^@�^P^@^@^@^@^@^@^@^@^@^@^@^@^@^@^@^@^@^@^C^@^O^@�^P^B>B^A^@^@^R^@^P^@^^U^@^@^@^@^@^@^E^@^@^@^@^@^@^@^Z^A^@^@^R^@^@^@^@^@^@^@^@^@^@^@^@^@^@^@^@^@^@^@,^A^@^@B>B^@^@^@^@^@^@^@^@^@^@^@^@^@^@^@^D^@^@^@^@^@^@^@^@^@^@^@^@^@^@^@�^@^@^@^A^@^@^@^B^@^@^@^@^@^@^@^@B^@^@B>BD9�^@^@^@�^@^B�^A^B6^A^@^@^D:�^@^@^@(�^A^@^@^D;�^@^@^@03^@^B>B�^@^@^@��^@^@^@^D[^Wy^B^@^@�	 �^A^@^@^D\^Y�^B^@^@�	 �^B^@^@^D]^TX^B^@^@�	 )^A^@^@^D^  B>B-^@^@^@�|^A^@^@^D`^G@^@^@^@�	�^B^@^@^Db^H�^B^@^@�^@^B�^A^@^@^E^G^Y�^@^@^@
}oifree(head);BModifiedBreturnB;BLISTBt*next_=ihead->next;BifBx(head->dataa!=>BNULLB)free(head->data);free_list_tail(next);}		   B
eli@eli-VirtualBox:~/Desktop/comp362/ElijahClarkLab01/list$lgdbo list.c 			       YB Yes
GNU gdb (Ubuntu 9.2-0ubuntu1~20.04) 9.2
Copyright (C) 2020 Free Software Foundation, Inc.
License GPLv3+: GNU GPL version 3 or later <http://gnu.org/licenses/gpl.html>
This is free software: you are free to change and redistribute it.
There is NO WARRANTY, to the extent permitted by law.
Type "show copying" and "show warranty" for details.
This GDB was configured as "x86_64-linux-gnu".
Type "show configuration" for configuration details.
For bug reporting instructions, please see:
<http://www.gnu.org/software/gdb/bugs/>.
Find the GDB manual and other documentation resources online at:
    <http://www.gnu.org/software/gdb/documentation/>.

For help, type "help".
Type "apropos word" to search for commands related to "word"...
Reading symbols from list...
(gdb) q
eli@eli-VirtualBox:~/Desktop/comp362/ElijahClarkLab01/lmakeeg..ollist.c
make: *** No targets specified and no makefile found.  Stop.
eli@eli-VirtualBox:~/Desktop/comp362/ElijahClarkLab01/list$-q64o-gi-O0c-D_DEBUG -Wall *.c -o list
gcc -m64 -g -O0 -D_DEBUG -Wall *.c -o list
eli@eli-VirtualBox:~/Desktop/comp362/ElijahClarkLab01/list$ make-m64 -g -O0 -D_DEBUG -Wall *.c -o list
eli@eli-VirtualBox:~/Desktop/comp362/ElijahClarkLab01/list$
eli@eli-VirtualBox:~/Desktop/comp362/ElijahClarkLab01/list$ make
gdbolistt.c
GNU gdb (Ubuntu 9.2-0ubuntu1~20.04) 9.2
Copyright (C) 2020 Free Software Foundation, Inc.
License GPLv3+: GNU GPL version 3 or later <http://gnu.org/licenses/gpl.html>
This is free software: you are free to change and redistribute it.
There is NO WARRANTY, to the extent permitted by law.
Type "show copying" and "show warranty" for details.
This GDB was configured as "x86_64-linux-gnu".
Type "show configuration" for configuration details.
For bug reporting instructions, please see:
<http://www.gnu.org/software/gdb/bugs/>.
Find the GDB manual and other documentation resources online at:
    <http://www.gnu.org/software/gdb/documentation/>.

For help, type "help".
Type "apropos word" to search for commands related to "word"...
Reading symbols from list...
(gdb) run
Starting program: /home/eli/Desktop/comp362/ElijahClarkLab01/list/list
1
2
3
4
5
DATA ITEM 1: 1

DATA ITEM 2: 2

DATA ITEM 3: 3

DATA ITEM 4: 4

DATA ITEM 5: 5

1
2
3
4
5
DATA ITEM 1: 1

DATA ITEM 2: 2

DATA ITEM 3: 3

DATA ITEM 4: 4

DATA ITEM 5: 5

1
2

3
4
DATA ITEM 1: 1

DATA ITEM 2: 2

DATA ITEM 3:

DATA ITEM 4: 3

DATA ITEM 5: 4

[Inferior 1 (process 16188) exited normally]
(gdb) q
eli@eli-VirtualBox:~/Desktop/comp362/ElijahClarkLab01/list$ make-m64 -g -O0 -D_DEBUG -Wall *.c -o list
eli@eli-VirtualBox:~/Desktop/comp362/ElijahClarkLab01/list$ q
cat/typescript.txtt|ut_of_my_program.txt
